******************************************************************************
                  TMS470 Linker PC v4.9.1                      
******************************************************************************
>> Linked Mon Jun 25 21:37:41 2012

OUTPUT FILE NAME:   <1968Example.out>
ENTRY POINT SYMBOL: "_c_int00"  address: 0000030d


MEMORY CONFIGURATION

         name            origin    length      used     unused   attr    fill
----------------------  --------  ---------  --------  --------  ----  --------
  FLASH                 00000000   00040000  000003b0  0003fc50  R  X
  SRAM                  20000000   00010000  00000114  0000feec  RW X


SEGMENT ALLOCATION MAP

run origin  load origin   length   init length attrs members
----------  ----------- ---------- ----------- ----- -------
00000000    00000000    000003b0   000003b0    r-x
  00000000    00000000    000000f0   000000f0    r-- .intvecs
  000000f0    000000f0    000002a0   000002a0    r-x .text
  00000390    00000390    00000020   00000020    r-- .cinit
20000000    20000000    00000100   00000000    rw-
  20000000    20000000    00000100   00000000    rw- .stack
20000100    20000100    00000014   00000014    rw-
  20000100    20000100    00000014   00000014    rw- .data


SECTION ALLOCATION MAP

 output                                  attributes/
section   page    origin      length       input sections
--------  ----  ----------  ----------   ----------------
.intvecs   0    00000000    000000f0     
                  00000000    000000f0     startup_ccs.obj (.intvecs)

.text      0    000000f0    000002a0     
                  000000f0    0000009c     rtsv7M3_T_le_eabi.lib : memcpy_t2.obj (.text)
                  0000018c    00000094                           : auto_init.obj (.text)
                  00000220    0000005e                           : copy_decompress_rle.obj (.text)
                  0000027e    00000002     main.obj (.text)
                  00000280    00000048     rtsv7M3_T_le_eabi.lib : cpy_tbl.obj (.text)
                  000002c8    00000044                           : exit.obj (.text)
                  0000030c    00000034                           : boot.obj (.text)
                  00000340    00000018                           : _lock.obj (.text)
                  00000358    00000018                           : args_main.obj (.text)
                  00000370    0000000e                           : copy_decompress_none.obj (.text:decompress:none)
                  0000037e    0000000c     startup_ccs.obj (.text)
                  0000038a    00000006     rtsv7M3_T_le_eabi.lib : copy_decompress_rle.obj (.text:decompress:rle24)

.cinit     0    00000390    00000020     
                  00000390    0000000f     (.cinit..data.load) [load image, compression = rle]
                  0000039f    00000001     --HOLE-- [fill = 0]
                  000003a0    00000008     (__TI_handler_table)
                  000003a8    00000008     (__TI_cinit_table)

.stack     0    20000000    00000100     UNINITIALIZED
                  20000000    00000100     --HOLE--

.data      0    20000100    00000014     
                  20000100    00000008     rtsv7M3_T_le_eabi.lib : _lock.obj (.data)
                  20000108    00000008                           : exit.obj (.data)
                  20000110    00000004                           : stkdepth_vars.obj (.data)


LINKER GENERATED COPY TABLES

__TI_cinit_table @ 000003a8 records: 1, size/record: 8, table size: 8
	.data: load addr=00000390, load size=0000000f bytes, run addr=20000100, run size=00000014 bytes, compression=rle


LINKER GENERATED HANDLER TABLE

__TI_handler_table @ 000003a0 records: 2, size/record: 4, table size: 8
	index: 0, handler: __TI_decompress_rle24
	index: 1, handler: __TI_decompress_none


GLOBAL SYMBOLS: SORTED ALPHABETICALLY BY Name 

address    name
--------   ----
000002c9   C$$EXIT
0000037f   ResetISR
20000100   __STACK_END
00000100   __STACK_SIZE
20000100   __STACK_TOP
000003a8   __TI_CINIT_Base
000003b0   __TI_CINIT_Limit
000003a0   __TI_Handler_Table_Base
000003a8   __TI_Handler_Table_Limit
00000001   __TI_args_main
0000018d   __TI_auto_init
00000371   __TI_decompress_none
0000038b   __TI_decompress_rle24
00000000   __TI_static_base__
000000f1   __aeabi_memcpy
000000f1   __aeabi_memcpy4
000000f1   __aeabi_memcpy8
ffffffff   __binit__
ffffffff   __c_args__
20000000   __stack
00000359   _args_main
0000030d   _c_int00
20000108   _cleanup_ptr
2000010c   _dtors_ptr
20000100   _lock
0000034d   _nop
00000347   _register_lock
00000341   _register_unlock
20000104   _unlock
000002cd   abort
ffffffff   binit
00000281   copy_in
000002d5   exit
00000000   g_pfnVectors
0000027f   main
20000110   main_func_sp
000000f1   memcpy


GLOBAL SYMBOLS: SORTED BY Symbol Address 

address    name
--------   ----
00000000   __TI_static_base__
00000000   g_pfnVectors
00000001   __TI_args_main
000000f1   __aeabi_memcpy
000000f1   __aeabi_memcpy4
000000f1   __aeabi_memcpy8
000000f1   memcpy
00000100   __STACK_SIZE
0000018d   __TI_auto_init
0000027f   main
00000281   copy_in
000002c9   C$$EXIT
000002cd   abort
000002d5   exit
0000030d   _c_int00
00000341   _register_unlock
00000347   _register_lock
0000034d   _nop
00000359   _args_main
00000371   __TI_decompress_none
0000037f   ResetISR
0000038b   __TI_decompress_rle24
000003a0   __TI_Handler_Table_Base
000003a8   __TI_CINIT_Base
000003a8   __TI_Handler_Table_Limit
000003b0   __TI_CINIT_Limit
20000000   __stack
20000100   __STACK_END
20000100   __STACK_TOP
20000100   _lock
20000104   _unlock
20000108   _cleanup_ptr
2000010c   _dtors_ptr
20000110   main_func_sp
ffffffff   __binit__
ffffffff   __c_args__
ffffffff   binit

[37 symbols]
