<html>
<body>
<pre>
<h1>µVision Build Log</h1>
<h2>Project:</h2>
C:\Users\Suhas\Google Drive\College\EE319K\Labs\Lab10\display\Kentec_4C123\Kentec_4C123\LCDTest.uvproj
Project File Date:  04/03/2018

<h2>Output:</h2>
Rebuild target 'LCDTest'
assembling startup.s...
compiling PLL.c...
compiling SSD2119.c...
assembling random.s...
compiling LCDTestMain.c...
linking...
Program Size: Code=3832 RO-data=3208 RW-data=44 ZI-data=1028  
".\LCDTest.axf" - 0 Error(s), 0 Warning(s).
Load "C:\\Users\\Suhas\\Google Drive\\College\\EE319K\\Labs\\Lab10\\display\\Kentec_4C123\\Kentec_4C123\\LCDTest.axf" 
Connecting: Mode=JTAG, Speed=1000000Hz
Erase Done.
Programming Done.
Verify OK.
</pre>
</body>
</html>
ogle Drive\\College\\EE319K\\Labs\\Lab10\\display\\Kentec_4C123\\Kentec_4C123\\LCDTest.axf" 
Connecting: Mode=JTAG, Speed=1000000Hz
Erase Done.
Programming Done.
Verify OK.
Load "C:\\Users\\Suhas\\Google Drive\\College\\EE319K\\Labs\\Lab10\\display\\Kentec_4C123\\Kentec_4C123\\LCDTest.axf" 
Connecting: Mode=JTAG, Speed=1000000Hz
Erase Done.
Programming Done.
Verify OK.
