******************************************************************************
                  TMS470 Linker PC v4.9.1                      
******************************************************************************
>> Linked Tue Jul 03 18:07:51 2012

OUTPUT FILE NAME:   <Logo_1968.out>
ENTRY POINT SYMBOL: "_c_int00"  address: 00000d21


MEMORY CONFIGURATION

         name            origin    length      used     unused   attr    fill
----------------------  --------  ---------  --------  --------  ----  --------
  FLASH                 00000000   00040000  00001a74  0003e58c  R  X
  SRAM                  20000000   00010000  00000124  0000fedc  RW X


SEGMENT ALLOCATION MAP

run origin  load origin   length   init length attrs members
----------  ----------- ---------- ----------- ----- -------
00000000    00000000    00001a78   00001a78    r-x
  00000000    00000000    000000f0   000000f0    r-- .intvecs
  000000f0    000000f0    00000d7c   00000d7c    r-x .text
  00000e6c    00000e6c    00000bd0   00000bd0    r-- .const
  00001a40    00001a40    00000038   00000038    r-- .cinit
20000000    20000000    00000100   00000000    rw-
  20000000    20000000    00000100   00000000    rw- .stack
20000100    20000100    00000024   00000014    rw-
  20000100    20000100    00000014   00000014    rw- .data
  20000114    20000114    00000010   00000000    rw- .bss


SECTION ALLOCATION MAP

 output                                  attributes/
section   page    origin      length       input sections
--------  ----  ----------  ----------   ----------------
.intvecs   0    00000000    000000f0     
                  00000000    000000f0     startup_ccsValvanoWare.obj (.intvecs)

.text      0    000000f0    00000d7c     
                  000000f0    00000504     rit128x96x4.obj (.text)
                  000005f4    00000198     driverlib.lib : sysctl.obj (.text:SysCtlClockGet)
                  0000078c    00000128                   : sysctl.obj (.text:SysCtlClockSet)
                  000008b4    000000c8                   : gpio.obj (.text:GPIOPadConfigSet)
                  0000097c    0000009e     startup_ccsValvanoWare.obj (.text)
                  00000a1a    0000009c     rtsv7M3_T_le_eabi.lib : memcpy_t2.obj (.text)
                  00000ab6    00000002     --HOLE-- [fill = 0]
                  00000ab8    00000094                           : auto_init.obj (.text)
                  00000b4c    00000068     logo.obj (.text)
                  00000bb4    0000005e     rtsv7M3_T_le_eabi.lib : copy_decompress_rle.obj (.text)
                  00000c12    00000002     --HOLE-- [fill = 0]
                  00000c14    00000048                           : cpy_tbl.obj (.text)
                  00000c5c    00000044     driverlib.lib : ssi.obj (.text:SSIConfigSetExpClk)
                  00000ca0    00000044     rtsv7M3_T_le_eabi.lib : exit.obj (.text)
                  00000ce4    0000003c     LogoTestMain.obj (.text)
                  00000d20    00000034     rtsv7M3_T_le_eabi.lib : boot.obj (.text)
                  00000d54    0000002e     driverlib.lib : gpio.obj (.text:GPIODirModeSet)
                  00000d82    00000002     --HOLE-- [fill = 0]
                  00000d84    0000001c                   : sysctl.obj (.text:SysCtlPeripheralEnable)
                  00000da0    00000018     rtsv7M3_T_le_eabi.lib : _lock.obj (.text)
                  00000db8    00000018                           : args_main.obj (.text)
                  00000dd0    00000014     driverlib.lib : sysctl.obj (.text:SysCtlDelay)
                  00000de4    00000012                   : gpio.obj (.text:GPIOPinTypeGPIOOutput)
                  00000df6    00000012                   : gpio.obj (.text:GPIOPinTypeSSI)
                  00000e08    00000012                   : ssi.obj (.text:SSIDataGetNonBlocking)
                  00000e1a    00000012     rtsv7M3_T_le_eabi.lib : copy_zero_init.obj (.text:decompress:ZI)
                  00000e2c    0000000e                           : copy_decompress_none.obj (.text:decompress:none)
                  00000e3a    0000000a     driverlib.lib : ssi.obj (.text:SSIDataPut)
                  00000e44    0000000a                   : ssi.obj (.text:SSIDisable)
                  00000e4e    0000000a                   : ssi.obj (.text:SSIEnable)
                  00000e58    00000008                   : ssi.obj (.text:SSIBusy)
                  00000e60    00000006                   : gpio.obj (.text:GPIOPinWrite)
                  00000e66    00000006     rtsv7M3_T_le_eabi.lib : copy_decompress_rle.obj (.text:decompress:rle24)

.const     0    00000e6c    00000bd0     
                  00000e6c    000008f7     logo.obj (.const:LogoBuffer)
                  00001763    00000001     --HOLE-- [fill = 0]
                  00001764    000001e0     rit128x96x4.obj (.const:g_pucFont)
                  00001944    0000005c     driverlib.lib : sysctl.obj (.const:g_pulXtals)
                  000019a0    0000004f     rit128x96x4.obj (.const:g_pucRIT128x96x4Init)
                  000019ef    00000001     --HOLE-- [fill = 0]
                  000019f0    00000040     driverlib.lib : sysctl.obj (.const)
                  00001a30    0000000c     rit128x96x4.obj (.const)

.cinit     0    00001a40    00000038     
                  00001a40    0000000f     (.cinit..data.load) [load image, compression = rle]
                  00001a4f    00000001     --HOLE-- [fill = 0]
                  00001a50    0000000c     (__TI_handler_table)
                  00001a5c    00000004     --HOLE-- [fill = 0]
                  00001a60    00000008     (.cinit..bss.load) [load image, compression = zero_init]
                  00001a68    00000010     (__TI_cinit_table)

.stack     0    20000000    00000100     UNINITIALIZED
                  20000000    00000100     --HOLE--

.data      0    20000100    00000014     
                  20000100    00000008     rtsv7M3_T_le_eabi.lib : _lock.obj (.data)
                  20000108    00000008                           : exit.obj (.data)
                  20000110    00000004                           : stkdepth_vars.obj (.data)

.bss       0    20000114    00000010     UNINITIALIZED
                  20000114    0000000c     rit128x96x4.obj (.bss)
                  20000120    00000004     driverlib.lib : sysctl.obj (.bss)


LINKER GENERATED COPY TABLES

__TI_cinit_table @ 00001a68 records: 2, size/record: 8, table size: 16
	.data: load addr=00001a40, load size=0000000f bytes, run addr=20000100, run size=00000014 bytes, compression=rle
	.bss: load addr=00001a60, load size=00000008 bytes, run addr=20000114, run size=00000010 bytes, compression=zero_init


LINKER GENERATED HANDLER TABLE

__TI_handler_table @ 00001a50 records: 3, size/record: 4, table size: 12
	index: 0, handler: __TI_decompress_rle24
	index: 1, handler: __TI_decompress_none
	index: 2, handler: __TI_zero_init


GLOBAL SYMBOLS: SORTED ALPHABETICALLY BY Name 

address    name
--------   ----
000009b3   ADC0_Handler
000009b5   ADC1_Handler
000009b7   ADC2_Handler
000009b9   ADC3_Handler
00000ca1   C$$EXIT
000009e5   CAN0_Handler
000009e7   CAN1_Handler
000009e9   CAN2_Handler
000009c9   Comp0_Handler
000009cb   Comp1_Handler
000009cd   Comp2_Handler
00000ce5   Delay
000009f7   DisableInterrupts
000009fd   EnableInterrupts
00000a0d   EndCritical
000009eb   Ethernet_Handler
000009d1   FlashCtl_Handler
00000d55   GPIODirModeSet
000008b5   GPIOPadConfigSet
00000de5   GPIOPinTypeGPIOOutput
00000df7   GPIOPinTypeSSI
00000e61   GPIOPinWrite
00000997   GPIOPortA_Handler
00000999   GPIOPortB_Handler
0000099b   GPIOPortC_Handler
0000099d   GPIOPortD_Handler
0000099f   GPIOPortE_Handler
000009d3   GPIOPortF_Handler
000009d5   GPIOPortG_Handler
000009d7   GPIOPortH_Handler
000009ed   Hibernate_Handler
000009a7   I2C0_Handler
000009e1   I2C1_Handler
00000995   IntDefaultHandler
00000e6c   LogoBuffer
000009ab   PWM0_Handler
000009ad   PWM1_Handler
000009af   PWM2_Handler
000009f1   PWM3_Handler
000009a9   PWMFault_Handler
00000991   PendSV_Handler
000009b1   Quadrature0_Handler
000009e3   Quadrature1_Handler
000001f9   RIT128x96x4Clear
0000048b   RIT128x96x4Disable
000005c1   RIT128x96x4DisplayOff
0000058d   RIT128x96x4DisplayOn
00000431   RIT128x96x4Enable
00000395   RIT128x96x4ImageDraw
000004ed   RIT128x96x4Init
00000265   RIT128x96x4StringDraw
00000b4d   RIT128x96x4_Logo
000009a5   SSI0_Handler
000009db   SSI1_Handler
00000e59   SSIBusy
00000c5d   SSIConfigSetExpClk
00000e09   SSIDataGetNonBlocking
00000e3b   SSIDataPut
00000e45   SSIDisable
00000e4f   SSIEnable
00000a03   StartCritical
000005f5   SysCtlClockGet
0000078d   SysCtlClockSet
00000dd1   SysCtlDelay
00000d85   SysCtlPeripheralEnable
000009cf   SysCtl_Handler
00000993   SysTick_Handler
000009bd   Timer0A_Handler
000009bf   Timer0B_Handler
000009c1   Timer1A_Handler
000009c3   Timer1B_Handler
000009c5   Timer2A_Handler
000009c7   Timer2B_Handler
000009dd   Timer3A_Handler
000009df   Timer3B_Handler
000009a1   UART0_Handler
000009a3   UART1_Handler
000009d9   UART2_Handler
000009ef   USB0_Handler
000009bb   WDT_Handler
00000a15   WaitForInterrupt
20000100   __STACK_END
00000100   __STACK_SIZE
20000100   __STACK_TOP
00001a68   __TI_CINIT_Base
00001a78   __TI_CINIT_Limit
00001a50   __TI_Handler_Table_Base
00001a5c   __TI_Handler_Table_Limit
00000001   __TI_args_main
00000ab9   __TI_auto_init
00000e2d   __TI_decompress_none
00000e67   __TI_decompress_rle24
00000000   __TI_static_base__
00000e1b   __TI_zero_init
00000a1b   __aeabi_memcpy
00000a1b   __aeabi_memcpy4
00000a1b   __aeabi_memcpy8
ffffffff   __binit__
ffffffff   __c_args__
20000000   __stack
00000db9   _args_main
00000d21   _c_int00
20000108   _cleanup_ptr
2000010c   _dtors_ptr
20000100   _lock
00000dad   _nop
00000da7   _register_lock
00000da1   _register_unlock
20000104   _unlock
00000ca5   abort
ffffffff   binit
00000c15   copy_in
00000cad   exit
00000000   g_pfnVectors
20000120   g_ulInlineCCSWorkaround
00000cf5   main
20000110   main_func_sp
00000a1b   memcpy
000009f5   uDMA_Error
000009f3   uDMA_Handler


GLOBAL SYMBOLS: SORTED BY Symbol Address 

address    name
--------   ----
00000000   __TI_static_base__
00000000   g_pfnVectors
00000001   __TI_args_main
00000100   __STACK_SIZE
000001f9   RIT128x96x4Clear
00000265   RIT128x96x4StringDraw
00000395   RIT128x96x4ImageDraw
00000431   RIT128x96x4Enable
0000048b   RIT128x96x4Disable
000004ed   RIT128x96x4Init
0000058d   RIT128x96x4DisplayOn
000005c1   RIT128x96x4DisplayOff
000005f5   SysCtlClockGet
0000078d   SysCtlClockSet
000008b5   GPIOPadConfigSet
00000991   PendSV_Handler
00000993   SysTick_Handler
00000995   IntDefaultHandler
00000997   GPIOPortA_Handler
00000999   GPIOPortB_Handler
0000099b   GPIOPortC_Handler
0000099d   GPIOPortD_Handler
0000099f   GPIOPortE_Handler
000009a1   UART0_Handler
000009a3   UART1_Handler
000009a5   SSI0_Handler
000009a7   I2C0_Handler
000009a9   PWMFault_Handler
000009ab   PWM0_Handler
000009ad   PWM1_Handler
000009af   PWM2_Handler
000009b1   Quadrature0_Handler
000009b3   ADC0_Handler
000009b5   ADC1_Handler
000009b7   ADC2_Handler
000009b9   ADC3_Handler
000009bb   WDT_Handler
000009bd   Timer0A_Handler
000009bf   Timer0B_Handler
000009c1   Timer1A_Handler
000009c3   Timer1B_Handler
000009c5   Timer2A_Handler
000009c7   Timer2B_Handler
000009c9   Comp0_Handler
000009cb   Comp1_Handler
000009cd   Comp2_Handler
000009cf   SysCtl_Handler
000009d1   FlashCtl_Handler
000009d3   GPIOPortF_Handler
000009d5   GPIOPortG_Handler
000009d7   GPIOPortH_Handler
000009d9   UART2_Handler
000009db   SSI1_Handler
000009dd   Timer3A_Handler
000009df   Timer3B_Handler
000009e1   I2C1_Handler
000009e3   Quadrature1_Handler
000009e5   CAN0_Handler
000009e7   CAN1_Handler
000009e9   CAN2_Handler
000009eb   Ethernet_Handler
000009ed   Hibernate_Handler
000009ef   USB0_Handler
000009f1   PWM3_Handler
000009f3   uDMA_Handler
000009f5   uDMA_Error
000009f7   DisableInterrupts
000009fd   EnableInterrupts
00000a03   StartCritical
00000a0d   EndCritical
00000a15   WaitForInterrupt
00000a1b   __aeabi_memcpy
00000a1b   __aeabi_memcpy4
00000a1b   __aeabi_memcpy8
00000a1b   memcpy
00000ab9   __TI_auto_init
00000b4d   RIT128x96x4_Logo
00000c15   copy_in
00000c5d   SSIConfigSetExpClk
00000ca1   C$$EXIT
00000ca5   abort
00000cad   exit
00000ce5   Delay
00000cf5   main
00000d21   _c_int00
00000d55   GPIODirModeSet
00000d85   SysCtlPeripheralEnable
00000da1   _register_unlock
00000da7   _register_lock
00000dad   _nop
00000db9   _args_main
00000dd1   SysCtlDelay
00000de5   GPIOPinTypeGPIOOutput
00000df7   GPIOPinTypeSSI
00000e09   SSIDataGetNonBlocking
00000e1b   __TI_zero_init
00000e2d   __TI_decompress_none
00000e3b   SSIDataPut
00000e45   SSIDisable
00000e4f   SSIEnable
00000e59   SSIBusy
00000e61   GPIOPinWrite
00000e67   __TI_decompress_rle24
00000e6c   LogoBuffer
00001a50   __TI_Handler_Table_Base
00001a5c   __TI_Handler_Table_Limit
00001a68   __TI_CINIT_Base
00001a78   __TI_CINIT_Limit
20000000   __stack
20000100   __STACK_END
20000100   __STACK_TOP
20000100   _lock
20000104   _unlock
20000108   _cleanup_ptr
2000010c   _dtors_ptr
20000110   main_func_sp
20000120   g_ulInlineCCSWorkaround
ffffffff   __binit__
ffffffff   __c_args__
ffffffff   binit

[120 symbols]
