<html>
<body>
<pre>
<h1>µVision Build Log</h1>
<h2>Project:</h2>
C:\Users\Suhas\Google Drive\College\EE319K\Labs\Lab10\display\Kentec_4C123\LCDTest.uvproj
Project File Date:  03/29/2018

<h2>Output:</h2>
Rebuild target 'LCDTest'
assembling startup.s...
compiling PLL.c...
compiling SSD2119.c...
assembling random.s...
compiling LCDTestMain.c...
LCDTestMain.c(41): warning:  #128-D: loop is not reachable
          for(i=0; i<1000; i=i+1){
LCDTestMain.c(36): warning:  #177-D: label "SysTick_Handler" was declared but never referenced
          SysTick_Handler:
LCDTestMain.c: 2 warnings, 0 errors
linking...
Program Size: Code=2196 RO-data=3280 RW-data=16 ZI-data=1024  
".\LCDTest.axf" - 0 Error(s), 2 Warning(s).
Load "C:\\Users\\Suhas\\Google Drive\\College\\EE319K\\Labs\\Lab10\\display\\Kentec_4C123\\LCDTest.axf" 
Connecting: Mode=JTAG, Speed=1000000Hz
Erase Done.
Programming Done.
Verify OK.
</pre>
</body>
</html>
