<html>
<body>
<pre>
<h1>µVision Build Log</h1>
<h2>Project:</h2>
D:\Dropbox\ArmBook\Individual Examples\Logo_8962\Logo.uvproj
Project File Date:  08/28/2012

<h2>Output:</h2>
Load "D:\\Dropbox\\ArmBook\\Individual Examples\\Logo_8962\\Logo.AXF" 
_____^
*** error 56: cannot open file
Build target 'Logo'
compiling rit128x96x4.c...
compiling LogoTestMain.c...
compiling logo.c...
linking...
Program Size: Code=3134 RO-data=3054 RW-data=12 ZI-data=1124  
"Logo.axf" - 0 Error(s), 0 Warning(s).
Load "D:\\Dropbox\\ArmBook\\Individual Examples\\Logo_8962\\Logo.AXF" 
Connecting: Mode=JTAG, Speed=1000000Hz
Erase Done.
Programming Done.
Verify OK.
