<html>
<body>
<pre>
<h1>µVision Build Log</h1>
<h2>Project:</h2>
D:\My Dropbox\ArmBook\Individual Examples\Logo_1968\Logo.uvproj
Project File Date:  09/21/2012

<h2>Output:</h2>
Build target 'Logo'
assembling Startup.s...
compiling rit128x96x4.c...
compiling LogoTestMain.c...
compiling logo.c...
linking...
Program Size: Code=3098 RO-data=3686 RW-data=12 ZI-data=1124  
"Logo.axf" - 0 Error(s), 0 Warning(s).
Load "D:\\My Dropbox\\ArmBook\\Individual Examples\\Logo_1968\\Logo.AXF" 
Connecting: Mode=JTAG, Speed=1000000Hz
Erase Done.
Programming Done.
Verify OK.
